// Vitest Snapshot v1, https://vitest.dev/guide/snapshot.html

exports[`LevelDetails > renders title, start link, leaderboard, and home link. 1`] = `
<div>
  <h1>
    level 
    3
  </h1>
  <a
    href="/level/3"
  >
    Start
  </a>
  <div>
    Leaderboard Component
  </div>
  <a
    href="/"
  >
    Back
  </a>
</div>
`;
